// Jest Snapshot v1, https://goo.gl/fbAQLP

exports[`Progress bar renders correctly 1`] = `null`;

exports[`Progress bar renders correctly 2`] = `null`;
