// Jest Snapshot v1, https://goo.gl/fbAQLP

exports[`SignUp renders correctly 1`] = `
<div
  className="signUp"
>
  <a
    className="btn btn-default"
    onClick={[Function]}
    role="button"
  >
    Register
  </a>
</div>
`;
